===COMMAND===============================================================================
focus -a "%f1: %f2" /var/folders/y6/hrl0s0q93lb8h9skglplrqsw0000gn/T/tmp.5fU7bOeHIc /var/folders/y6/hrl0s0q93lb8h9skglplrqsw0000gn/T/tmp.ypbFEOli1A
===INPUT===============================================================================

===OUTPUT===============================================================================
%f1: %f2
%f1: %f2
===EXIT CODE===============================================================================
0
