===COMMAND===============================================================================
focus '[splitOn ","] | at 1' ''
===INPUT===============================================================================
one,two,three
===OUTPUT===============================================================================
two
===EXIT CODE===============================================================================
0
