===COMMAND===============================================================================
focus '/The password is (?<password>\w+)/ | "password: %{ %password | #{rev}}!"' ''
===INPUT===============================================================================
The password is swordfish
===OUTPUT===============================================================================
password: hsifdrows!
===EXIT CODE===============================================================================
0
