===COMMAND===============================================================================
focus /The password is (?<password>\w+)/ |= %password
===INPUT===============================================================================
The password is swordfish
===OUTPUT===============================================================================
swordfish
===EXIT CODE===============================================================================
0
