===COMMAND===============================================================================
focus view 'splitOn "," | -> x | concat ["*", %{x}, "*"]' ''
===INPUT===============================================================================
one,two,three
===OUTPUT===============================================================================
*one*
*two*
*three*
===EXIT CODE===============================================================================
0
