===COMMAND===============================================================================
focus splitOn "," | filter (contains "two")
===INPUT===============================================================================
one,two,three
===OUTPUT===============================================================================
two
===EXIT CODE===============================================================================
0
