===COMMAND===============================================================================
focus splitOn "," | filter (contains "two") |= #{rev}
===INPUT===============================================================================
one,two,three
===OUTPUT===============================================================================
one
owt
three
===EXIT CODE===============================================================================
0
