===COMMAND===============================================================================
focus 'count (splitOn ",")' ''
===INPUT===============================================================================
one,two,three
===OUTPUT===============================================================================
3
===EXIT CODE===============================================================================
0
