===COMMAND===============================================================================
focus '[ splitOn "," ] | !(at 0) / !(at 1)' ''
===INPUT===============================================================================
10,5
===OUTPUT===============================================================================
[error]: Invalid selector
     ╭──▶ <selector>@1:27-1:28
     │
   1 │ [ splitOn "," ] | !(at 0) / !(at 1)
     •                           ┬ 
     •                           ├╸ unexpected '/'
     •                           ╰╸ expecting "->", "|=", '%', '*', '+', ',', '-', '^', '|', end of input, or white space
─────╯
===EXIT CODE===============================================================================
0
