===COMMAND===============================================================================
focus 'dropEnd 1 (splitOn ",") |= #{rev}' ''
===INPUT===============================================================================
one,two,three
===OUTPUT===============================================================================
eno,owt,three
===EXIT CODE===============================================================================
0
