===COMMAND===============================================================================
focus drop 1 (splitOn ",") -
===INPUT===============================================================================
one,two,three
===OUTPUT===============================================================================
two
three
===EXIT CODE===============================================================================
0
