===COMMAND===============================================================================
focus 'dropEnd 1 (splitOn ",")' ''
===INPUT===============================================================================
one,two,three
===OUTPUT===============================================================================
one
two
===EXIT CODE===============================================================================
0
