===COMMAND===============================================================================
focus 'drop 1 (splitOn ",") |= {rev}' ''
===INPUT===============================================================================
one,two,three
===OUTPUT===============================================================================
one,owt,eerht
===EXIT CODE===============================================================================
0
