===COMMAND===============================================================================
focus view 'splitOn "," | at 1' ''
===INPUT===============================================================================
one,two,three
===OUTPUT===============================================================================
[error]: Type error
     ╭──▶ <action>@1:1-1:13
     │
   1 │ splitOn "," | at 1
     • ┬───────────  ┬───
     • ╰──────────────╸ this selector outputs: text
     •               ╰╸ but this selector expects: [a]
─────╯
===EXIT CODE===============================================================================
0
