===COMMAND===============================================================================
focus splitOn "," | filter /e/ -
===INPUT===============================================================================
one,two,three
===OUTPUT===============================================================================
one
three
===EXIT CODE===============================================================================
0
