Usage: focus [-i|--input INPUT-FILE] [-o|--output OUTPUT-FILE] COMMAND

  Focus - cli utility for hacking and slashing data

Available options:
  -i,--input INPUT-FILE    File to use for input. Defaults to stdin if
                           unspecified
  -o,--output OUTPUT-FILE  File to use for output. Defaults to stdout if
                           unspecified
  -h,--help                Show this help text

Available commands:
  view                     View the focus
  over                     Modify the focused field
  set                      Set the focus
