===COMMAND===============================================================================
focus intersperse /\d+/ /\w+/ (splitOn " ") -
===INPUT===============================================================================
1 2 3 one two three
===OUTPUT===============================================================================
1
1
1
2
2
2
3
3
3
one
one
two
two
three
three
===EXIT CODE===============================================================================
0
