===COMMAND===============================================================================
focus json
===INPUT===============================================================================
{"one": 1, "two": 2, "three": 3}
===OUTPUT===============================================================================
{"one":1,"three":3,"two":2}
===EXIT CODE===============================================================================
0
