===COMMAND===============================================================================
focus '[ splitOn "," ] | !(at 0) - !(at 1)' ''
===INPUT===============================================================================
10,8
===OUTPUT===============================================================================
2
===EXIT CODE===============================================================================
0
