===COMMAND===============================================================================
focus '[ splitOn "," ] | !(at 0) - !(at 1)' ''
===INPUT===============================================================================
10,8.5
===OUTPUT===============================================================================
1.5
===EXIT CODE===============================================================================
0
