===COMMAND===============================================================================
focus [ splitOn "," ] | (at 0) % (at 1) -
===INPUT===============================================================================
10,3
===OUTPUT===============================================================================
1
===EXIT CODE===============================================================================
0
