===COMMAND===============================================================================
focus view '[ splitOn "," ] | !(at 0) % !(at 1)' ''
===INPUT===============================================================================
10,3.5
===OUTPUT===============================================================================
[error]: Math error
     ╭──▶ <action>@1:19-1:36
     │
   1 │ [ splitOn "," ] | !(at 0) % !(at 1)
     •                   ┬────────────────
     •                   ╰╸ Can't use modulo on floating point numbers
─────╯
===EXIT CODE===============================================================================
0
