===COMMAND===============================================================================
focus view 'splitOn "," | filter (not (contains "two"))' ''
===INPUT===============================================================================
one,two,three
===OUTPUT===============================================================================
one
three
===EXIT CODE===============================================================================
0
