===COMMAND===============================================================================
focus modify 'splitOn "," | filter (not (contains "two"))' '{rev}'
===INPUT===============================================================================
one,two,three
===OUTPUT===============================================================================
eno,two,eerht
===EXIT CODE===============================================================================
0
