===COMMAND===============================================================================
focus 'splitOn ,' ''
===INPUT===============================================================================
one,two,three
===OUTPUT===============================================================================
[error]: Invalid selector
     ╭──▶ <selector>@1:9-1:10
     │
   1 │ splitOn ,
     •         ┬
     •         ├╸ unexpected ','
     •         ╰╸ expecting string or white space
─────╯
===EXIT CODE===============================================================================
0
