===COMMAND===============================================================================
focus 'pattern "The password is %password" | "password: %password"' ''
===INPUT===============================================================================
The password is swordfish
===OUTPUT===============================================================================
password: s
===EXIT CODE===============================================================================
0
