===COMMAND===============================================================================
focus '[ splitOn "," ] | (at 0) + (at 1)' ''
===INPUT===============================================================================
1.5,2
===OUTPUT===============================================================================
3.5
===EXIT CODE===============================================================================
0
