===COMMAND===============================================================================
focus '[ splitOn "," ] | !(at 0) + !(at 1)' ''
===INPUT===============================================================================
1,2,3
===OUTPUT===============================================================================
3
===EXIT CODE===============================================================================
0
