===COMMAND===============================================================================
focus [ splitOn "," ] | (at 0) ^ (at 1)
===INPUT===============================================================================
2,3
===OUTPUT===============================================================================
8
===EXIT CODE===============================================================================
0
