===COMMAND===============================================================================
focus view '[ splitOn "," ] | !(at 0) ^ !(at 1)' ''
===INPUT===============================================================================
2,3.5
===OUTPUT===============================================================================
11.313708498984761
===EXIT CODE===============================================================================
0
