===COMMAND===============================================================================
focus '{ numbers: /\d+/ , words: /[a-z]+/ }' ''
===INPUT===============================================================================
one 1 2 two three
===OUTPUT===============================================================================
{numbers: 1, words: one}
{numbers: 2, words: two}
===EXIT CODE===============================================================================
0
