===COMMAND===============================================================================
focus view '/[\d-]+/ | matches' ''
===INPUT===============================================================================
one two 555-123-4567 three
===OUTPUT===============================================================================
[error]: Invalid selector
     ╭──▶ <selector>@1:12-1:13
     │
   1 │ /[\d-]+/ | matches
     •            ┬ 
     •            ├╸ unexpected "matches"
     •            ╰╸ expecting "...", "at", "contains", "drop", "dropEnd", "filter", "groups", "lines", "not", "splitOn", "take", "takeEnd", "words", '-', '[', '{', regex, or white space
─────╯
===EXIT CODE===============================================================================
0
