===COMMAND===============================================================================
focus groups /(\d+)-(\d+)-(\d+)/ |= #{rev} -
===INPUT===============================================================================
one two 555-123-4567 three
===OUTPUT===============================================================================
one two 555-321-7654 three
===EXIT CODE===============================================================================
0
