===COMMAND===============================================================================
focus modify '/[\d-]+/ | matches' '{rev}'
===INPUT===============================================================================
one two 555-123-4567 three 999-876-5432
===OUTPUT===============================================================================
one two 7654-321-555 three 2345-678-999
===EXIT CODE===============================================================================
0
===COMMAND===============================================================================
focus modify '/(\w+)-\w+-(\w+)/ | matches' '{tr a-z A-Z}'
===INPUT===============================================================================
one-two-three
===OUTPUT===============================================================================
ONE-TWO-THREE
===EXIT CODE===============================================================================
0
