===COMMAND===============================================================================
focus 'groups /(\d+)-(\d+)-(\d+)/' ''
===INPUT===============================================================================
one two 555-123-4567 three
===OUTPUT===============================================================================
555
123
4567
===EXIT CODE===============================================================================
0
