===COMMAND===============================================================================
focus '[ splitOn "," ] | (at 0) + (at 1)' ''
===INPUT===============================================================================
1,2,3
===OUTPUT===============================================================================
[error]: Type error
     ╭──▶ <selector>@1:3-1:15
     │
   1 │ [ splitOn "," ] | (at 0) + (at 1)
     •   ┬───────────    ┬──────────────
     •   ╰────────────────╸ this selector outputs: Text
     •                   ╰╸ but this selector expects: Number
─────╯
===EXIT CODE===============================================================================
0
