===COMMAND===============================================================================
focus view 'splitOn "," | filterBy /e/' ''
===INPUT===============================================================================
one,two,three
===OUTPUT===============================================================================
one
three
===EXIT CODE===============================================================================
0
