===COMMAND===============================================================================
focus [splitOn ","] | ...
===INPUT===============================================================================
one,two,three
===OUTPUT===============================================================================
one
two
three
===EXIT CODE===============================================================================
0
