===COMMAND===============================================================================
focus [splitOn ","] | at 0 ++ "-" ++ at 2
===INPUT===============================================================================
one,two,three
1,2,3===OUTPUT===============================================================================
one-three
1-3
===EXIT CODE===============================================================================
0
