===COMMAND===============================================================================
focus view '[splitOn ","] | concat %.' ''
===INPUT===============================================================================
one,two,three
===OUTPUT===============================================================================
onetwothree
===EXIT CODE===============================================================================
0
