===COMMAND===============================================================================
focus 'take 2 (splitOn ",")' ''
===INPUT===============================================================================
one,two,three
===OUTPUT===============================================================================
one
two
===EXIT CODE===============================================================================
0
