===COMMAND===============================================================================
focus 'takeEnd 1 (splitOn ",") |= {rev}' ''
===INPUT===============================================================================
one,two,three
===OUTPUT===============================================================================
one,two,eerht
===EXIT CODE===============================================================================
0
