===COMMAND===============================================================================
focus 'take 2 (splitOn ",") |= {rev}' ''
===INPUT===============================================================================
one,two,three
===OUTPUT===============================================================================
eno,owt,three
===EXIT CODE===============================================================================
0
