===COMMAND===============================================================================
focus view 'takeEnd 1 (splitOn ",")' ''
===INPUT===============================================================================
one,two,three
===OUTPUT===============================================================================
three
===EXIT CODE===============================================================================
0
